device cuda
running T01_a11_p010 1
running T01_a11_p010 2
running T01_a11_p010 3
running T02_a11_p030 1
running T02_a11_p030 2
running T02_a11_p030 3
running T03_a11_p060 1
running T03_a11_p060 2
running T03_a11_p060 3
running T04_a10_p030 1
running T04_a10_p030 2
running T04_a10_p030 3
       label  score_mean  std_sp500_mean  kurt_sp500_mean  abs_acf1_mean  abs_acf5_mean  sq_acf1_mean  sq_acf5_mean  abs_q0999_mean  lev_dec10_5d_mean  lev_dec10_10d_mean  lev_mid_5d_mean  rc_q05_mean  rc_q95_mean  dy_std_mean
T01_a11_p010    0.311328        0.011981        20.717922       0.294957       0.230737      0.201186      0.137539        0.071636          -0.193657           -0.175127        -0.078079    -0.442808     0.773716     0.070617
T02_a11_p030    0.323584        0.012114        21.471859       0.319678       0.261076      0.211947      0.149852        0.072144          -0.183871           -0.161873        -0.075184    -0.449337     0.771522     0.070728
T03_a11_p060    0.368491        0.012353        22.100489       0.342566       0.290030      0.222590      0.164198        0.072706          -0.167261           -0.145187        -0.069198    -0.458268     0.768860     0.070972
T04_a10_p030    0.326203        0.012335        20.146476       0.315176       0.256764      0.212874      0.151628        0.072095          -0.185609           -0.164739        -0.074113    -0.455757     0.777748     0.070938

REAL TARGET
{'std_sp500': 0.0105, 'kurt_sp500': 21.7534, 'abs_acf1': 0.2614, 'abs_acf5': 0.289, 'sq_acf1': 0.2298, 'sq_acf5': 0.228, 'abs_q0999': 0.0704, 'lev_dec10_5d': -0.2089, 'lev_dec10_10d': -0.1756, 'lev_mid_5d': -0.1094, 'rc_q05': -0.5675, 'rc_q95': 0.5806, 'dy_std': 0.0667}
